<?xml version="1.0"?>
<link_info>
   <banner>TMS320C55x Linker PC v4.4.1</banner>
   <copyright>Copyright (c) 1996-2012 Texas Instruments Incorporated</copyright>
   <link_time>0x56d5535c</link_time>
   <output_file>Zadatak1.out</output_file>
   <entry_point>
      <name>_c_int00</name>
      <address>0x24333</address>
   </entry_point>
   <input_file_list>
      <input_file id="fl-2">
         <path>.\</path>
         <kind>object</kind>
         <file>filter_coeff.obj</file>
         <name>filter_coeff.obj</name>
      </input_file>
      <input_file id="fl-3">
         <path>.\</path>
         <kind>object</kind>
         <file>fir.obj</file>
         <name>fir.obj</name>
      </input_file>
      <input_file id="fl-4">
         <path>.\</path>
         <kind>object</kind>
         <file>main.obj</file>
         <name>main.obj</name>
      </input_file>
      <input_file id="fl-5">
         <path>.\</path>
         <kind>object</kind>
         <file>processing.obj</file>
         <name>processing.obj</name>
      </input_file>
      <input_file id="fl-6">
         <path>.\</path>
         <kind>object</kind>
         <file>signal.obj</file>
         <name>signal.obj</name>
      </input_file>
      <input_file id="fl-f">
         <path>C:\ti\ccsv6\tools\compiler\c5500_4.4.1\lib\</path>
         <kind>archive</kind>
         <file>rts55x.lib</file>
         <name>boot.obj</name>
      </input_file>
      <input_file id="fl-10">
         <path>C:\ti\ccsv6\tools\compiler\c5500_4.4.1\lib\</path>
         <kind>archive</kind>
         <file>rts55x.lib</file>
         <name>exit.obj</name>
      </input_file>
      <input_file id="fl-11">
         <path>C:\ti\ccsv6\tools\compiler\c5500_4.4.1\lib\</path>
         <kind>archive</kind>
         <file>rts55x.lib</file>
         <name>idiv.obj</name>
      </input_file>
      <input_file id="fl-12">
         <path>C:\ti\ccsv6\tools\compiler\c5500_4.4.1\lib\</path>
         <kind>archive</kind>
         <file>rts55x.lib</file>
         <name>memory.obj</name>
      </input_file>
      <input_file id="fl-13">
         <path>C:\ti\ccsv6\tools\compiler\c5500_4.4.1\lib\</path>
         <kind>archive</kind>
         <file>rts55x.lib</file>
         <name>memset.obj</name>
      </input_file>
      <input_file id="fl-14">
         <path>C:\ti\ccsv6\tools\compiler\c5500_4.4.1\lib\</path>
         <kind>archive</kind>
         <file>rts55x.lib</file>
         <name>printf.obj</name>
      </input_file>
      <input_file id="fl-15">
         <path>C:\ti\ccsv6\tools\compiler\c5500_4.4.1\lib\</path>
         <kind>archive</kind>
         <file>rts55x.lib</file>
         <name>vectors.obj</name>
      </input_file>
      <input_file id="fl-16">
         <path>C:\ti\ccsv6\tools\compiler\c5500_4.4.1\lib\</path>
         <kind>archive</kind>
         <file>rts55x.lib</file>
         <name>_lock.obj</name>
      </input_file>
      <input_file id="fl-17">
         <path>C:\ti\ccsv6\tools\compiler\c5500_4.4.1\lib\</path>
         <kind>archive</kind>
         <file>rts55x.lib</file>
         <name>_printfi.obj</name>
      </input_file>
      <input_file id="fl-18">
         <path>C:\ti\ccsv6\tools\compiler\c5500_4.4.1\lib\</path>
         <kind>archive</kind>
         <file>rts55x.lib</file>
         <name>args_main.obj</name>
      </input_file>
      <input_file id="fl-19">
         <path>C:\ti\ccsv6\tools\compiler\c5500_4.4.1\lib\</path>
         <kind>archive</kind>
         <file>rts55x.lib</file>
         <name>atoi.obj</name>
      </input_file>
      <input_file id="fl-1a">
         <path>C:\ti\ccsv6\tools\compiler\c5500_4.4.1\lib\</path>
         <kind>archive</kind>
         <file>rts55x.lib</file>
         <name>autoinit.obj</name>
      </input_file>
      <input_file id="fl-1b">
         <path>C:\ti\ccsv6\tools\compiler\c5500_4.4.1\lib\</path>
         <kind>archive</kind>
         <file>rts55x.lib</file>
         <name>cmpd.obj</name>
      </input_file>
      <input_file id="fl-1c">
         <path>C:\ti\ccsv6\tools\compiler\c5500_4.4.1\lib\</path>
         <kind>archive</kind>
         <file>rts55x.lib</file>
         <name>ctype.obj</name>
      </input_file>
      <input_file id="fl-1d">
         <path>C:\ti\ccsv6\tools\compiler\c5500_4.4.1\lib\</path>
         <kind>archive</kind>
         <file>rts55x.lib</file>
         <name>defs.obj</name>
      </input_file>
      <input_file id="fl-1e">
         <path>C:\ti\ccsv6\tools\compiler\c5500_4.4.1\lib\</path>
         <kind>archive</kind>
         <file>rts55x.lib</file>
         <name>divd.obj</name>
      </input_file>
      <input_file id="fl-1f">
         <path>C:\ti\ccsv6\tools\compiler\c5500_4.4.1\lib\</path>
         <kind>archive</kind>
         <file>rts55x.lib</file>
         <name>divul.obj</name>
      </input_file>
      <input_file id="fl-20">
         <path>C:\ti\ccsv6\tools\compiler\c5500_4.4.1\lib\</path>
         <kind>archive</kind>
         <file>rts55x.lib</file>
         <name>fixdi.obj</name>
      </input_file>
      <input_file id="fl-21">
         <path>C:\ti\ccsv6\tools\compiler\c5500_4.4.1\lib\</path>
         <kind>archive</kind>
         <file>rts55x.lib</file>
         <name>fixdli.obj</name>
      </input_file>
      <input_file id="fl-22">
         <path>C:\ti\ccsv6\tools\compiler\c5500_4.4.1\lib\</path>
         <kind>archive</kind>
         <file>rts55x.lib</file>
         <name>fltlid.obj</name>
      </input_file>
      <input_file id="fl-23">
         <path>C:\ti\ccsv6\tools\compiler\c5500_4.4.1\lib\</path>
         <kind>archive</kind>
         <file>rts55x.lib</file>
         <name>fputc.obj</name>
      </input_file>
      <input_file id="fl-24">
         <path>C:\ti\ccsv6\tools\compiler\c5500_4.4.1\lib\</path>
         <kind>archive</kind>
         <file>rts55x.lib</file>
         <name>fputs.obj</name>
      </input_file>
      <input_file id="fl-25">
         <path>C:\ti\ccsv6\tools\compiler\c5500_4.4.1\lib\</path>
         <kind>archive</kind>
         <file>rts55x.lib</file>
         <name>frcmpyd_div.obj</name>
      </input_file>
      <input_file id="fl-26">
         <path>C:\ti\ccsv6\tools\compiler\c5500_4.4.1\lib\</path>
         <kind>archive</kind>
         <file>rts55x.lib</file>
         <name>isinf.obj</name>
      </input_file>
      <input_file id="fl-27">
         <path>C:\ti\ccsv6\tools\compiler\c5500_4.4.1\lib\</path>
         <kind>archive</kind>
         <file>rts55x.lib</file>
         <name>llmpy.obj</name>
      </input_file>
      <input_file id="fl-28">
         <path>C:\ti\ccsv6\tools\compiler\c5500_4.4.1\lib\</path>
         <kind>archive</kind>
         <file>rts55x.lib</file>
         <name>lmpy.obj</name>
      </input_file>
      <input_file id="fl-29">
         <path>C:\ti\ccsv6\tools\compiler\c5500_4.4.1\lib\</path>
         <kind>archive</kind>
         <file>rts55x.lib</file>
         <name>lowlev.obj</name>
      </input_file>
      <input_file id="fl-2a">
         <path>C:\ti\ccsv6\tools\compiler\c5500_4.4.1\lib\</path>
         <kind>archive</kind>
         <file>rts55x.lib</file>
         <name>ltoa.obj</name>
      </input_file>
      <input_file id="fl-2b">
         <path>C:\ti\ccsv6\tools\compiler\c5500_4.4.1\lib\</path>
         <kind>archive</kind>
         <file>rts55x.lib</file>
         <name>memccpy.obj</name>
      </input_file>
      <input_file id="fl-2c">
         <path>C:\ti\ccsv6\tools\compiler\c5500_4.4.1\lib\</path>
         <kind>archive</kind>
         <file>rts55x.lib</file>
         <name>memcpy.obj</name>
      </input_file>
      <input_file id="fl-2d">
         <path>C:\ti\ccsv6\tools\compiler\c5500_4.4.1\lib\</path>
         <kind>archive</kind>
         <file>rts55x.lib</file>
         <name>mpyd.obj</name>
      </input_file>
      <input_file id="fl-2e">
         <path>C:\ti\ccsv6\tools\compiler\c5500_4.4.1\lib\</path>
         <kind>archive</kind>
         <file>rts55x.lib</file>
         <name>negd.obj</name>
      </input_file>
      <input_file id="fl-2f">
         <path>C:\ti\ccsv6\tools\compiler\c5500_4.4.1\lib\</path>
         <kind>archive</kind>
         <file>rts55x.lib</file>
         <name>remli.obj</name>
      </input_file>
      <input_file id="fl-30">
         <path>C:\ti\ccsv6\tools\compiler\c5500_4.4.1\lib\</path>
         <kind>archive</kind>
         <file>rts55x.lib</file>
         <name>remul.obj</name>
      </input_file>
      <input_file id="fl-31">
         <path>C:\ti\ccsv6\tools\compiler\c5500_4.4.1\lib\</path>
         <kind>archive</kind>
         <file>rts55x.lib</file>
         <name>subd.obj</name>
      </input_file>
      <input_file id="fl-32">
         <path>C:\ti\ccsv6\tools\compiler\c5500_4.4.1\lib\</path>
         <kind>archive</kind>
         <file>rts55x.lib</file>
         <name>trgdrv.obj</name>
      </input_file>
      <input_file id="fl-33">
         <path>C:\ti\ccsv6\tools\compiler\c5500_4.4.1\lib\</path>
         <kind>archive</kind>
         <file>rts55x.lib</file>
         <name>trgmsg.obj</name>
      </input_file>
      <input_file id="fl-34">
         <path>C:\ti\ccsv6\tools\compiler\c5500_4.4.1\lib\</path>
         <kind>archive</kind>
         <file>rts55x.lib</file>
         <name>udiv.obj</name>
      </input_file>
      <input_file id="fl-35">
         <path>C:\ti\ccsv6\tools\compiler\c5500_4.4.1\lib\</path>
         <kind>archive</kind>
         <file>rts55x.lib</file>
         <name>_io_perm.obj</name>
      </input_file>
      <input_file id="fl-36">
         <path>C:\ti\ccsv6\tools\compiler\c5500_4.4.1\lib\</path>
         <kind>archive</kind>
         <file>rts55x.lib</file>
         <name>addd.obj</name>
      </input_file>
      <input_file id="fl-37">
         <path>C:\ti\ccsv6\tools\compiler\c5500_4.4.1\lib\</path>
         <kind>archive</kind>
         <file>rts55x.lib</file>
         <name>divli.obj</name>
      </input_file>
      <input_file id="fl-38">
         <path>C:\ti\ccsv6\tools\compiler\c5500_4.4.1\lib\</path>
         <kind>archive</kind>
         <file>rts55x.lib</file>
         <name>fflush.obj</name>
      </input_file>
      <input_file id="fl-39">
         <path>C:\ti\ccsv6\tools\compiler\c5500_4.4.1\lib\</path>
         <kind>archive</kind>
         <file>rts55x.lib</file>
         <name>frcmpyd.obj</name>
      </input_file>
      <input_file id="fl-3a">
         <path>C:\ti\ccsv6\tools\compiler\c5500_4.4.1\lib\</path>
         <kind>archive</kind>
         <file>rts55x.lib</file>
         <name>fseek.obj</name>
      </input_file>
      <input_file id="fl-3b">
         <path>C:\ti\ccsv6\tools\compiler\c5500_4.4.1\lib\</path>
         <kind>archive</kind>
         <file>rts55x.lib</file>
         <name>setvbuf.obj</name>
      </input_file>
      <input_file id="fl-3c">
         <path>C:\ti\ccsv6\tools\compiler\c5500_4.4.1\lib\</path>
         <kind>archive</kind>
         <file>rts55x.lib</file>
         <name>fopen.obj</name>
      </input_file>
      <input_file id="fl-3d">
         <path>C:\ti\ccsv6\tools\compiler\c5500_4.4.1\lib\</path>
         <kind>archive</kind>
         <file>rts55x.lib</file>
         <name>fclose.obj</name>
      </input_file>
      <input_file id="fl-3e">
         <path>C:\ti\ccsv6\tools\compiler\c5500_4.4.1\lib\</path>
         <kind>archive</kind>
         <file>rts55x.lib</file>
         <name>remove.obj</name>
      </input_file>
   </input_file_list>
   <object_component_list>
      <object_component id="oc-53">
         <name>.text</name>
         <load_address>0x20000</load_address>
         <run_address>0x20000</run_address>
         <size>0x15a4</size>
         <input_file_ref idref="fl-17"/>
      </object_component>
      <object_component id="oc-9d">
         <name>.text</name>
         <load_address>0x215a4</load_address>
         <run_address>0x215a4</run_address>
         <size>0x543</size>
         <input_file_ref idref="fl-29"/>
      </object_component>
      <object_component id="oc-c3">
         <name>.text</name>
         <load_address>0x21ae7</load_address>
         <run_address>0x21ae7</run_address>
         <size>0x528</size>
         <input_file_ref idref="fl-32"/>
      </object_component>
      <object_component id="oc-3a">
         <name>.text</name>
         <load_address>0x2200f</load_address>
         <run_address>0x2200f</run_address>
         <size>0x4b5</size>
         <input_file_ref idref="fl-12"/>
      </object_component>
      <object_component id="oc-6f">
         <name>.text</name>
         <load_address>0x224c4</load_address>
         <run_address>0x224c4</run_address>
         <size>0x3cc</size>
         <input_file_ref idref="fl-1e"/>
      </object_component>
      <object_component id="oc-ee">
         <name>.text</name>
         <load_address>0x22890</load_address>
         <run_address>0x22890</run_address>
         <size>0x27f</size>
         <input_file_ref idref="fl-3c"/>
      </object_component>
      <object_component id="oc-95">
         <name>.text</name>
         <load_address>0x22b0f</load_address>
         <run_address>0x22b0f</run_address>
         <size>0x25e</size>
         <input_file_ref idref="fl-27"/>
      </object_component>
      <object_component id="oc-d6">
         <name>.text</name>
         <load_address>0x22d6d</load_address>
         <run_address>0x22d6d</run_address>
         <size>0x25a</size>
         <input_file_ref idref="fl-36"/>
      </object_component>
      <object_component id="oc-21">
         <name>.text</name>
         <load_address>0x22fc7</load_address>
         <run_address>0x22fc7</run_address>
         <size>0x215</size>
         <input_file_ref idref="fl-5"/>
      </object_component>
      <object_component id="oc-65">
         <name>.text</name>
         <load_address>0x231dc</load_address>
         <run_address>0x231dc</run_address>
         <size>0x1ea</size>
         <input_file_ref idref="fl-1b"/>
      </object_component>
      <object_component id="oc-88">
         <name>.text</name>
         <load_address>0x233c6</load_address>
         <run_address>0x233c6</run_address>
         <size>0x163</size>
         <input_file_ref idref="fl-24"/>
      </object_component>
      <object_component id="oc-16">
         <name>.text</name>
         <load_address>0x23529</load_address>
         <run_address>0x23529</run_address>
         <size>0x153</size>
         <input_file_ref idref="fl-3"/>
      </object_component>
      <object_component id="oc-af">
         <name>.text</name>
         <load_address>0x2367c</load_address>
         <run_address>0x2367c</run_address>
         <size>0x14c</size>
         <input_file_ref idref="fl-2d"/>
      </object_component>
      <object_component id="oc-ea">
         <name>.text</name>
         <load_address>0x237c8</load_address>
         <run_address>0x237c8</run_address>
         <size>0xe6</size>
         <input_file_ref idref="fl-3b"/>
      </object_component>
      <object_component id="oc-d2">
         <name>.text</name>
         <load_address>0x238ae</load_address>
         <run_address>0x238ae</run_address>
         <size>0xdd</size>
         <input_file_ref idref="fl-35"/>
      </object_component>
      <object_component id="oc-de">
         <name>.text</name>
         <load_address>0x2398b</load_address>
         <run_address>0x2398b</run_address>
         <size>0xc2</size>
         <input_file_ref idref="fl-38"/>
      </object_component>
      <object_component id="oc-cb">
         <name>.text:CIO_breakpoint</name>
         <load_address>0x23a4d</load_address>
         <run_address>0x23a4d</run_address>
         <size>0xba</size>
         <input_file_ref idref="fl-33"/>
      </object_component>
      <object_component id="oc-84">
         <name>.text</name>
         <load_address>0x23b07</load_address>
         <run_address>0x23b07</run_address>
         <size>0xa6</size>
         <input_file_ref idref="fl-23"/>
      </object_component>
      <object_component id="oc-73">
         <name>.text</name>
         <load_address>0x23bad</load_address>
         <run_address>0x23bad</run_address>
         <size>0xa1</size>
         <input_file_ref idref="fl-1f"/>
      </object_component>
      <object_component id="oc-a3">
         <name>.text</name>
         <load_address>0x23c4e</load_address>
         <run_address>0x23c4e</run_address>
         <size>0x7d</size>
         <input_file_ref idref="fl-2a"/>
      </object_component>
      <object_component id="oc-f4">
         <name>.text</name>
         <load_address>0x23ccb</load_address>
         <run_address>0x23ccb</run_address>
         <size>0x7b</size>
         <input_file_ref idref="fl-3d"/>
      </object_component>
      <object_component id="oc-e2">
         <name>.text</name>
         <load_address>0x23d46</load_address>
         <run_address>0x23d46</run_address>
         <size>0x76</size>
         <input_file_ref idref="fl-39"/>
      </object_component>
      <object_component id="oc-8d">
         <name>.text</name>
         <load_address>0x23dbc</load_address>
         <run_address>0x23dbc</run_address>
         <size>0x73</size>
         <input_file_ref idref="fl-25"/>
      </object_component>
      <object_component id="oc-bb">
         <name>.text</name>
         <load_address>0x23e2f</load_address>
         <run_address>0x23e2f</run_address>
         <size>0x72</size>
         <input_file_ref idref="fl-30"/>
      </object_component>
      <object_component id="oc-7b">
         <name>.text</name>
         <load_address>0x23ea1</load_address>
         <run_address>0x23ea1</run_address>
         <size>0x6f</size>
         <input_file_ref idref="fl-21"/>
      </object_component>
      <object_component id="oc-c8">
         <name>.text</name>
         <load_address>0x23f10</load_address>
         <run_address>0x23f10</run_address>
         <size>0x6d</size>
         <input_file_ref idref="fl-33"/>
      </object_component>
      <object_component id="oc-e6">
         <name>.text</name>
         <load_address>0x23f7d</load_address>
         <run_address>0x23f7d</run_address>
         <size>0x6b</size>
         <input_file_ref idref="fl-3a"/>
      </object_component>
      <object_component id="oc-7f">
         <name>.text</name>
         <load_address>0x23fe8</load_address>
         <run_address>0x23fe8</run_address>
         <size>0x67</size>
         <input_file_ref idref="fl-22"/>
      </object_component>
      <object_component id="oc-5d">
         <name>.text</name>
         <load_address>0x2404f</load_address>
         <run_address>0x2404f</run_address>
         <size>0x5c</size>
         <input_file_ref idref="fl-19"/>
      </object_component>
      <object_component id="oc-1b">
         <name>.text</name>
         <load_address>0x240ab</load_address>
         <run_address>0x240ab</run_address>
         <size>0x54</size>
         <input_file_ref idref="fl-4"/>
      </object_component>
      <object_component id="oc-45">
         <name>.text</name>
         <load_address>0x240ff</load_address>
         <run_address>0x240ff</run_address>
         <size>0x50</size>
         <input_file_ref idref="fl-14"/>
      </object_component>
      <object_component id="oc-61">
         <name>.text</name>
         <load_address>0x2414f</load_address>
         <run_address>0x2414f</run_address>
         <size>0x4d</size>
         <input_file_ref idref="fl-1a"/>
      </object_component>
      <object_component id="oc-59">
         <name>.text</name>
         <load_address>0x2419c</load_address>
         <run_address>0x2419c</run_address>
         <size>0x4b</size>
         <input_file_ref idref="fl-18"/>
      </object_component>
      <object_component id="oc-b7">
         <name>.text</name>
         <load_address>0x241e7</load_address>
         <run_address>0x241e7</run_address>
         <size>0x4b</size>
         <input_file_ref idref="fl-2f"/>
      </object_component>
      <object_component id="oc-da">
         <name>.text</name>
         <load_address>0x24232</load_address>
         <run_address>0x24232</run_address>
         <size>0x48</size>
         <input_file_ref idref="fl-37"/>
      </object_component>
      <object_component id="oc-ab">
         <name>.text</name>
         <load_address>0x2427a</load_address>
         <run_address>0x2427a</run_address>
         <size>0x3f</size>
         <input_file_ref idref="fl-2c"/>
      </object_component>
      <object_component id="oc-2f">
         <name>.text</name>
         <load_address>0x242b9</load_address>
         <run_address>0x242b9</run_address>
         <size>0x3e</size>
         <input_file_ref idref="fl-10"/>
      </object_component>
      <object_component id="oc-36">
         <name>.text</name>
         <load_address>0x242f7</load_address>
         <run_address>0x242f7</run_address>
         <size>0x3c</size>
         <input_file_ref idref="fl-11"/>
      </object_component>
      <object_component id="oc-10">
         <name>.text</name>
         <load_address>0x24333</load_address>
         <run_address>0x24333</run_address>
         <size>0x34</size>
         <input_file_ref idref="fl-f"/>
      </object_component>
      <object_component id="oc-77">
         <name>.text</name>
         <load_address>0x24367</load_address>
         <run_address>0x24367</run_address>
         <size>0x2a</size>
         <input_file_ref idref="fl-20"/>
      </object_component>
      <object_component id="oc-ce">
         <name>.text</name>
         <load_address>0x24391</load_address>
         <run_address>0x24391</run_address>
         <size>0x2a</size>
         <input_file_ref idref="fl-34"/>
      </object_component>
      <object_component id="oc-a7">
         <name>.text</name>
         <load_address>0x243bb</load_address>
         <run_address>0x243bb</run_address>
         <size>0x23</size>
         <input_file_ref idref="fl-2b"/>
      </object_component>
      <object_component id="oc-91">
         <name>.text</name>
         <load_address>0x243de</load_address>
         <run_address>0x243de</run_address>
         <size>0x1a</size>
         <input_file_ref idref="fl-26"/>
      </object_component>
      <object_component id="oc-bf">
         <name>.text</name>
         <load_address>0x243f8</load_address>
         <run_address>0x243f8</run_address>
         <size>0x14</size>
         <input_file_ref idref="fl-31"/>
      </object_component>
      <object_component id="oc-99">
         <name>.text</name>
         <load_address>0x2440c</load_address>
         <run_address>0x2440c</run_address>
         <size>0x13</size>
         <input_file_ref idref="fl-28"/>
      </object_component>
      <object_component id="oc-4d">
         <name>.text</name>
         <load_address>0x2441f</load_address>
         <run_address>0x2441f</run_address>
         <size>0x12</size>
         <input_file_ref idref="fl-16"/>
      </object_component>
      <object_component id="oc-41">
         <name>.text</name>
         <load_address>0x24431</load_address>
         <run_address>0x24431</run_address>
         <size>0x11</size>
         <input_file_ref idref="fl-13"/>
      </object_component>
      <object_component id="oc-b3">
         <name>.text</name>
         <load_address>0x24442</load_address>
         <run_address>0x24442</run_address>
         <size>0x10</size>
         <input_file_ref idref="fl-2e"/>
      </object_component>
      <object_component id="oc-f8">
         <name>.text</name>
         <load_address>0x24452</load_address>
         <run_address>0x24452</run_address>
         <size>0xa</size>
         <input_file_ref idref="fl-3e"/>
      </object_component>
      <object_component id="oc-33">
         <name>.text:CIO_breakpoint</name>
         <load_address>0x2445c</load_address>
         <run_address>0x2445c</run_address>
         <size>0x7</size>
         <input_file_ref idref="fl-10"/>
      </object_component>
      <object_component id="oc-49">
         <name>.text</name>
         <load_address>0x24463</load_address>
         <run_address>0x24463</run_address>
         <size>0x2</size>
         <input_file_ref idref="fl-15"/>
      </object_component>
      <object_component id="oc-2b">
         <name>.stack</name>
         <uninitialized>true</uninitialized>
         <run_address>0xc0</run_address>
         <size>0x0</size>
         <input_file_ref idref="fl-f"/>
      </object_component>
      <object_component id="oc-116">
         <name>.stack</name>
         <uninitialized>true</uninitialized>
         <run_address>0xc0</run_address>
         <size>0x0</size>
      </object_component>
      <object_component id="oc-fc">
         <name>.sysstack</name>
         <uninitialized>true</uninitialized>
         <run_address>0x20c0</run_address>
         <size>0x0</size>
         <input_file_ref idref="fl-f"/>
      </object_component>
      <object_component id="oc-118">
         <name>.sysstack</name>
         <uninitialized>true</uninitialized>
         <run_address>0x20c0</run_address>
         <size>0x0</size>
      </object_component>
      <object_component id="oc-27">
         <name>.bss</name>
         <uninitialized>true</uninitialized>
         <run_address>0x50c0</run_address>
         <size>0xa00</size>
         <input_file_ref idref="fl-6"/>
      </object_component>
      <object_component id="oc-6b">
         <name>.bss</name>
         <uninitialized>true</uninitialized>
         <run_address>0x5ac0</run_address>
         <size>0x232</size>
         <input_file_ref idref="fl-1d"/>
      </object_component>
      <object_component id="oc-c4">
         <name>.bss</name>
         <uninitialized>true</uninitialized>
         <run_address>0x5cf2</run_address>
         <size>0x1a0</size>
         <input_file_ref idref="fl-32"/>
      </object_component>
      <object_component id="oc-ef">
         <name>.bss</name>
         <uninitialized>true</uninitialized>
         <run_address>0x5e92</run_address>
         <size>0x2</size>
         <input_file_ref idref="fl-3c"/>
      </object_component>
      <object_component id="oc-9e">
         <name>.bss</name>
         <uninitialized>true</uninitialized>
         <run_address>0x5e94</run_address>
         <size>0xe2</size>
         <input_file_ref idref="fl-29"/>
      </object_component>
      <object_component id="oc-12">
         <name>.bss</name>
         <uninitialized>true</uninitialized>
         <run_address>0x5f76</run_address>
         <size>0x2a</size>
         <input_file_ref idref="fl-2"/>
      </object_component>
      <object_component id="oc-3b">
         <name>.bss</name>
         <uninitialized>true</uninitialized>
         <run_address>0x5fa0</run_address>
         <size>0xc</size>
         <input_file_ref idref="fl-12"/>
      </object_component>
      <object_component id="oc-4e">
         <name>.bss</name>
         <uninitialized>true</uninitialized>
         <run_address>0x5fac</run_address>
         <size>0x8</size>
         <input_file_ref idref="fl-16"/>
      </object_component>
      <object_component id="oc-30">
         <name>.bss</name>
         <uninitialized>true</uninitialized>
         <run_address>0x5fb4</run_address>
         <size>0x8</size>
         <input_file_ref idref="fl-10"/>
      </object_component>
      <object_component id="oc-fd">
         <name>.const:__ctypes_</name>
         <load_address>0x5fbc</load_address>
         <run_address>0x5fbc</run_address>
         <size>0x202</size>
         <input_file_ref idref="fl-1c"/>
      </object_component>
      <object_component id="oc-1d">
         <name>.const:.string</name>
         <load_address>0x61c0</load_address>
         <run_address>0x61c0</run_address>
         <size>0x92</size>
         <input_file_ref idref="fl-4"/>
      </object_component>
      <object_component id="oc-56">
         <name>.const:.string</name>
         <load_address>0x6254</load_address>
         <run_address>0x6254</run_address>
         <size>0x48</size>
         <input_file_ref idref="fl-17"/>
      </object_component>
      <object_component id="oc-23">
         <name>.const:.string</name>
         <load_address>0x629c</load_address>
         <run_address>0x629c</run_address>
         <size>0x28</size>
         <input_file_ref idref="fl-5"/>
      </object_component>
      <object_component id="oc-55">
         <name>.const</name>
         <load_address>0x62c4</load_address>
         <run_address>0x62c4</run_address>
         <size>0x18</size>
         <input_file_ref idref="fl-17"/>
      </object_component>
      <object_component id="oc-fe">
         <name>.const:_initial_approx$1</name>
         <load_address>0x62dc</load_address>
         <run_address>0x62dc</run_address>
         <size>0x10</size>
         <input_file_ref idref="fl-1e"/>
      </object_component>
      <object_component id="oc-8a">
         <name>.const:.string</name>
         <load_address>0x62ec</load_address>
         <run_address>0x62ec</run_address>
         <size>0x4</size>
         <input_file_ref idref="fl-24"/>
      </object_component>
      <object_component id="oc-81">
         <name>.const</name>
         <load_address>0x62f0</load_address>
         <run_address>0x62f0</run_address>
         <size>0x4</size>
         <input_file_ref idref="fl-22"/>
      </object_component>
      <object_component id="oc-3e">
         <name>.sysmem</name>
         <uninitialized>true</uninitialized>
         <run_address>0x30c0</run_address>
         <size>0x0</size>
         <input_file_ref idref="fl-12"/>
      </object_component>
      <object_component id="oc-117">
         <name>.sysmem</name>
         <uninitialized>true</uninitialized>
         <run_address>0x30c0</run_address>
         <size>0x0</size>
      </object_component>
      <object_component id="oc-29">
         <name>.cinit</name>
         <load_address>0x40000</load_address>
         <run_address>0x40000</run_address>
         <size>0xa0c</size>
         <input_file_ref idref="fl-6"/>
      </object_component>
      <object_component id="oc-a0">
         <name>.cinit</name>
         <load_address>0x40a0c</load_address>
         <run_address>0x40a0c</run_address>
         <size>0x5a</size>
         <input_file_ref idref="fl-29"/>
      </object_component>
      <object_component id="oc-6d">
         <name>.cinit</name>
         <load_address>0x40a66</load_address>
         <run_address>0x40a66</run_address>
         <size>0x54</size>
         <input_file_ref idref="fl-1d"/>
      </object_component>
      <object_component id="oc-14">
         <name>.cinit</name>
         <load_address>0x40aba</load_address>
         <run_address>0x40aba</run_address>
         <size>0x30</size>
         <input_file_ref idref="fl-2"/>
      </object_component>
      <object_component id="oc-50">
         <name>.cinit</name>
         <load_address>0x40aea</load_address>
         <run_address>0x40aea</run_address>
         <size>0x14</size>
         <input_file_ref idref="fl-16"/>
      </object_component>
      <object_component id="oc-32">
         <name>.cinit</name>
         <load_address>0x40afe</load_address>
         <run_address>0x40afe</run_address>
         <size>0x14</size>
         <input_file_ref idref="fl-10"/>
      </object_component>
      <object_component id="oc-f1">
         <name>.cinit</name>
         <load_address>0x40b12</load_address>
         <run_address>0x40b12</run_address>
         <size>0x8</size>
         <input_file_ref idref="fl-3c"/>
      </object_component>
      <object_component id="oc-3d">
         <name>.cinit</name>
         <load_address>0x40b1a</load_address>
         <run_address>0x40b1a</run_address>
         <size>0x8</size>
         <input_file_ref idref="fl-12"/>
      </object_component>
      <object_component id="oc-ca">
         <name>.cio</name>
         <uninitialized>true</uninitialized>
         <run_address>0x40b28</run_address>
         <size>0x240</size>
         <input_file_ref idref="fl-33"/>
      </object_component>
      <object_component id="oc-11">
         <name>vectors</name>
         <load_address>0x4fe00</load_address>
         <run_address>0x4fe00</run_address>
         <size>0x100</size>
         <input_file_ref idref="fl-15"/>
      </object_component>
      <object_component id="oc-13">
         <name>.debug_info</name>
         <load_address>0x0</load_address>
         <run_address>0x0</run_address>
         <size>0x4b0</size>
         <input_file_ref idref="fl-2"/>
      </object_component>
      <object_component id="oc-17">
         <name>.debug_info</name>
         <load_address>0x4b0</load_address>
         <run_address>0x4b0</run_address>
         <size>0x9bf</size>
         <input_file_ref idref="fl-3"/>
      </object_component>
      <object_component id="oc-1c">
         <name>.debug_info</name>
         <load_address>0xe6f</load_address>
         <run_address>0xe6f</run_address>
         <size>0x622</size>
         <input_file_ref idref="fl-4"/>
      </object_component>
      <object_component id="oc-22">
         <name>.debug_info</name>
         <load_address>0x1491</load_address>
         <run_address>0x1491</run_address>
         <size>0xd1f</size>
         <input_file_ref idref="fl-5"/>
      </object_component>
      <object_component id="oc-28">
         <name>.debug_info</name>
         <load_address>0x21b0</load_address>
         <run_address>0x21b0</run_address>
         <size>0x4d0</size>
         <input_file_ref idref="fl-6"/>
      </object_component>
      <object_component id="oc-2c">
         <name>.debug_info</name>
         <load_address>0x2680</load_address>
         <run_address>0x2680</run_address>
         <size>0xe8</size>
         <input_file_ref idref="fl-f"/>
      </object_component>
      <object_component id="oc-31">
         <name>.debug_info</name>
         <load_address>0x2768</load_address>
         <run_address>0x2768</run_address>
         <size>0x5fb</size>
         <input_file_ref idref="fl-10"/>
      </object_component>
      <object_component id="oc-37">
         <name>.debug_info</name>
         <load_address>0x2d63</load_address>
         <run_address>0x2d63</run_address>
         <size>0xeb</size>
         <input_file_ref idref="fl-11"/>
      </object_component>
      <object_component id="oc-3c">
         <name>.debug_info</name>
         <load_address>0x2e4e</load_address>
         <run_address>0x2e4e</run_address>
         <size>0xb97</size>
         <input_file_ref idref="fl-12"/>
      </object_component>
      <object_component id="oc-42">
         <name>.debug_info</name>
         <load_address>0x39e5</load_address>
         <run_address>0x39e5</run_address>
         <size>0x59d</size>
         <input_file_ref idref="fl-13"/>
      </object_component>
      <object_component id="oc-46">
         <name>.debug_info</name>
         <load_address>0x3f82</load_address>
         <run_address>0x3f82</run_address>
         <size>0x76c</size>
         <input_file_ref idref="fl-14"/>
      </object_component>
      <object_component id="oc-4a">
         <name>.debug_info</name>
         <load_address>0x46ee</load_address>
         <run_address>0x46ee</run_address>
         <size>0xbc</size>
         <input_file_ref idref="fl-15"/>
      </object_component>
      <object_component id="oc-4f">
         <name>.debug_info</name>
         <load_address>0x47aa</load_address>
         <run_address>0x47aa</run_address>
         <size>0x5bc</size>
         <input_file_ref idref="fl-16"/>
      </object_component>
      <object_component id="oc-54">
         <name>.debug_info</name>
         <load_address>0x4d66</load_address>
         <run_address>0x4d66</run_address>
         <size>0x27bd</size>
         <input_file_ref idref="fl-17"/>
      </object_component>
      <object_component id="oc-5a">
         <name>.debug_info</name>
         <load_address>0x7523</load_address>
         <run_address>0x7523</run_address>
         <size>0x586</size>
         <input_file_ref idref="fl-18"/>
      </object_component>
      <object_component id="oc-5e">
         <name>.debug_info</name>
         <load_address>0x7aa9</load_address>
         <run_address>0x7aa9</run_address>
         <size>0x5a4</size>
         <input_file_ref idref="fl-19"/>
      </object_component>
      <object_component id="oc-62">
         <name>.debug_info</name>
         <load_address>0x804d</load_address>
         <run_address>0x804d</run_address>
         <size>0xcd</size>
         <input_file_ref idref="fl-1a"/>
      </object_component>
      <object_component id="oc-66">
         <name>.debug_info</name>
         <load_address>0x811a</load_address>
         <run_address>0x811a</run_address>
         <size>0x81f</size>
         <input_file_ref idref="fl-1b"/>
      </object_component>
      <object_component id="oc-69">
         <name>.debug_info</name>
         <load_address>0x8939</load_address>
         <run_address>0x8939</run_address>
         <size>0x498</size>
         <input_file_ref idref="fl-1c"/>
      </object_component>
      <object_component id="oc-6c">
         <name>.debug_info</name>
         <load_address>0x8dd1</load_address>
         <run_address>0x8dd1</run_address>
         <size>0x57e</size>
         <input_file_ref idref="fl-1d"/>
      </object_component>
      <object_component id="oc-70">
         <name>.debug_info</name>
         <load_address>0x934f</load_address>
         <run_address>0x934f</run_address>
         <size>0x7e8</size>
         <input_file_ref idref="fl-1e"/>
      </object_component>
      <object_component id="oc-74">
         <name>.debug_info</name>
         <load_address>0x9b37</load_address>
         <run_address>0x9b37</run_address>
         <size>0x534</size>
         <input_file_ref idref="fl-1f"/>
      </object_component>
      <object_component id="oc-78">
         <name>.debug_info</name>
         <load_address>0xa06b</load_address>
         <run_address>0xa06b</run_address>
         <size>0x4cf</size>
         <input_file_ref idref="fl-20"/>
      </object_component>
      <object_component id="oc-7c">
         <name>.debug_info</name>
         <load_address>0xa53a</load_address>
         <run_address>0xa53a</run_address>
         <size>0x534</size>
         <input_file_ref idref="fl-21"/>
      </object_component>
      <object_component id="oc-80">
         <name>.debug_info</name>
         <load_address>0xaa6e</load_address>
         <run_address>0xaa6e</run_address>
         <size>0x549</size>
         <input_file_ref idref="fl-22"/>
      </object_component>
      <object_component id="oc-85">
         <name>.debug_info</name>
         <load_address>0xafb7</load_address>
         <run_address>0xafb7</run_address>
         <size>0x6aa</size>
         <input_file_ref idref="fl-23"/>
      </object_component>
      <object_component id="oc-89">
         <name>.debug_info</name>
         <load_address>0xb661</load_address>
         <run_address>0xb661</run_address>
         <size>0x942</size>
         <input_file_ref idref="fl-24"/>
      </object_component>
      <object_component id="oc-8e">
         <name>.debug_info</name>
         <load_address>0xbfa3</load_address>
         <run_address>0xbfa3</run_address>
         <size>0x53e</size>
         <input_file_ref idref="fl-25"/>
      </object_component>
      <object_component id="oc-92">
         <name>.debug_info</name>
         <load_address>0xc4e1</load_address>
         <run_address>0xc4e1</run_address>
         <size>0x680</size>
         <input_file_ref idref="fl-26"/>
      </object_component>
      <object_component id="oc-96">
         <name>.debug_info</name>
         <load_address>0xcb61</load_address>
         <run_address>0xcb61</run_address>
         <size>0x7d4</size>
         <input_file_ref idref="fl-27"/>
      </object_component>
      <object_component id="oc-9a">
         <name>.debug_info</name>
         <load_address>0xd335</load_address>
         <run_address>0xd335</run_address>
         <size>0xbd</size>
         <input_file_ref idref="fl-28"/>
      </object_component>
      <object_component id="oc-9f">
         <name>.debug_info</name>
         <load_address>0xd3f2</load_address>
         <run_address>0xd3f2</run_address>
         <size>0x144b</size>
         <input_file_ref idref="fl-29"/>
      </object_component>
      <object_component id="oc-a4">
         <name>.debug_info</name>
         <load_address>0xe83d</load_address>
         <run_address>0xe83d</run_address>
         <size>0x5ad</size>
         <input_file_ref idref="fl-2a"/>
      </object_component>
      <object_component id="oc-a8">
         <name>.debug_info</name>
         <load_address>0xedea</load_address>
         <run_address>0xedea</run_address>
         <size>0x574</size>
         <input_file_ref idref="fl-2b"/>
      </object_component>
      <object_component id="oc-ac">
         <name>.debug_info</name>
         <load_address>0xf35e</load_address>
         <run_address>0xf35e</run_address>
         <size>0xd1</size>
         <input_file_ref idref="fl-2c"/>
      </object_component>
      <object_component id="oc-b0">
         <name>.debug_info</name>
         <load_address>0xf42f</load_address>
         <run_address>0xf42f</run_address>
         <size>0x55b</size>
         <input_file_ref idref="fl-2d"/>
      </object_component>
      <object_component id="oc-b4">
         <name>.debug_info</name>
         <load_address>0xf98a</load_address>
         <run_address>0xf98a</run_address>
         <size>0x4b7</size>
         <input_file_ref idref="fl-2e"/>
      </object_component>
      <object_component id="oc-b8">
         <name>.debug_info</name>
         <load_address>0xfe41</load_address>
         <run_address>0xfe41</run_address>
         <size>0x4f2</size>
         <input_file_ref idref="fl-2f"/>
      </object_component>
      <object_component id="oc-bc">
         <name>.debug_info</name>
         <load_address>0x10333</load_address>
         <run_address>0x10333</run_address>
         <size>0x534</size>
         <input_file_ref idref="fl-30"/>
      </object_component>
      <object_component id="oc-c0">
         <name>.debug_info</name>
         <load_address>0x10867</load_address>
         <run_address>0x10867</run_address>
         <size>0x4de</size>
         <input_file_ref idref="fl-31"/>
      </object_component>
      <object_component id="oc-c5">
         <name>.debug_info</name>
         <load_address>0x10d45</load_address>
         <run_address>0x10d45</run_address>
         <size>0xed4</size>
         <input_file_ref idref="fl-32"/>
      </object_component>
      <object_component id="oc-c9">
         <name>.debug_info</name>
         <load_address>0x11c19</load_address>
         <run_address>0x11c19</run_address>
         <size>0x744</size>
         <input_file_ref idref="fl-33"/>
      </object_component>
      <object_component id="oc-cf">
         <name>.debug_info</name>
         <load_address>0x1235d</load_address>
         <run_address>0x1235d</run_address>
         <size>0xef</size>
         <input_file_ref idref="fl-34"/>
      </object_component>
      <object_component id="oc-d3">
         <name>.debug_info</name>
         <load_address>0x1244c</load_address>
         <run_address>0x1244c</run_address>
         <size>0x662</size>
         <input_file_ref idref="fl-35"/>
      </object_component>
      <object_component id="oc-d7">
         <name>.debug_info</name>
         <load_address>0x12aae</load_address>
         <run_address>0x12aae</run_address>
         <size>0x5ab</size>
         <input_file_ref idref="fl-36"/>
      </object_component>
      <object_component id="oc-db">
         <name>.debug_info</name>
         <load_address>0x13059</load_address>
         <run_address>0x13059</run_address>
         <size>0x4f2</size>
         <input_file_ref idref="fl-37"/>
      </object_component>
      <object_component id="oc-df">
         <name>.debug_info</name>
         <load_address>0x1354b</load_address>
         <run_address>0x1354b</run_address>
         <size>0x706</size>
         <input_file_ref idref="fl-38"/>
      </object_component>
      <object_component id="oc-e3">
         <name>.debug_info</name>
         <load_address>0x13c51</load_address>
         <run_address>0x13c51</run_address>
         <size>0x4d2</size>
         <input_file_ref idref="fl-39"/>
      </object_component>
      <object_component id="oc-e7">
         <name>.debug_info</name>
         <load_address>0x14123</load_address>
         <run_address>0x14123</run_address>
         <size>0x5f7</size>
         <input_file_ref idref="fl-3a"/>
      </object_component>
      <object_component id="oc-eb">
         <name>.debug_info</name>
         <load_address>0x1471a</load_address>
         <run_address>0x1471a</run_address>
         <size>0x64a</size>
         <input_file_ref idref="fl-3b"/>
      </object_component>
      <object_component id="oc-f0">
         <name>.debug_info</name>
         <load_address>0x14d64</load_address>
         <run_address>0x14d64</run_address>
         <size>0xa1c</size>
         <input_file_ref idref="fl-3c"/>
      </object_component>
      <object_component id="oc-f5">
         <name>.debug_info</name>
         <load_address>0x15780</load_address>
         <run_address>0x15780</run_address>
         <size>0x64f</size>
         <input_file_ref idref="fl-3d"/>
      </object_component>
      <object_component id="oc-f9">
         <name>.debug_info</name>
         <load_address>0x15dcf</load_address>
         <run_address>0x15dcf</run_address>
         <size>0x510</size>
         <input_file_ref idref="fl-3e"/>
      </object_component>
      <object_component id="oc-11f">
         <name>.debug_info</name>
         <load_address>0x162df</load_address>
         <run_address>0x162df</run_address>
         <size>0x6e</size>
      </object_component>
      <object_component id="oc-15">
         <name>.debug_abbrev</name>
         <load_address>0x0</load_address>
         <run_address>0x0</run_address>
         <size>0x63</size>
         <input_file_ref idref="fl-2"/>
      </object_component>
      <object_component id="oc-1a">
         <name>.debug_abbrev</name>
         <load_address>0x63</load_address>
         <run_address>0x63</run_address>
         <size>0xb8</size>
         <input_file_ref idref="fl-3"/>
      </object_component>
      <object_component id="oc-20">
         <name>.debug_abbrev</name>
         <load_address>0x11b</load_address>
         <run_address>0x11b</run_address>
         <size>0x118</size>
         <input_file_ref idref="fl-4"/>
      </object_component>
      <object_component id="oc-26">
         <name>.debug_abbrev</name>
         <load_address>0x233</load_address>
         <run_address>0x233</run_address>
         <size>0x140</size>
         <input_file_ref idref="fl-5"/>
      </object_component>
      <object_component id="oc-2a">
         <name>.debug_abbrev</name>
         <load_address>0x373</load_address>
         <run_address>0x373</run_address>
         <size>0x6a</size>
         <input_file_ref idref="fl-6"/>
      </object_component>
      <object_component id="oc-2e">
         <name>.debug_abbrev</name>
         <load_address>0x3dd</load_address>
         <run_address>0x3dd</run_address>
         <size>0x3a</size>
         <input_file_ref idref="fl-f"/>
      </object_component>
      <object_component id="oc-35">
         <name>.debug_abbrev</name>
         <load_address>0x417</load_address>
         <run_address>0x417</run_address>
         <size>0xf7</size>
         <input_file_ref idref="fl-10"/>
      </object_component>
      <object_component id="oc-39">
         <name>.debug_abbrev</name>
         <load_address>0x50e</load_address>
         <run_address>0x50e</run_address>
         <size>0x38</size>
         <input_file_ref idref="fl-11"/>
      </object_component>
      <object_component id="oc-40">
         <name>.debug_abbrev</name>
         <load_address>0x546</load_address>
         <run_address>0x546</run_address>
         <size>0x1de</size>
         <input_file_ref idref="fl-12"/>
      </object_component>
      <object_component id="oc-44">
         <name>.debug_abbrev</name>
         <load_address>0x724</load_address>
         <run_address>0x724</run_address>
         <size>0xb0</size>
         <input_file_ref idref="fl-13"/>
      </object_component>
      <object_component id="oc-48">
         <name>.debug_abbrev</name>
         <load_address>0x7d4</load_address>
         <run_address>0x7d4</run_address>
         <size>0x145</size>
         <input_file_ref idref="fl-14"/>
      </object_component>
      <object_component id="oc-4c">
         <name>.debug_abbrev</name>
         <load_address>0x919</load_address>
         <run_address>0x919</run_address>
         <size>0x26</size>
         <input_file_ref idref="fl-15"/>
      </object_component>
      <object_component id="oc-52">
         <name>.debug_abbrev</name>
         <load_address>0x93f</load_address>
         <run_address>0x93f</run_address>
         <size>0x9f</size>
         <input_file_ref idref="fl-16"/>
      </object_component>
      <object_component id="oc-58">
         <name>.debug_abbrev</name>
         <load_address>0x9de</load_address>
         <run_address>0x9de</run_address>
         <size>0x1f8</size>
         <input_file_ref idref="fl-17"/>
      </object_component>
      <object_component id="oc-5c">
         <name>.debug_abbrev</name>
         <load_address>0xbd6</load_address>
         <run_address>0xbd6</run_address>
         <size>0xec</size>
         <input_file_ref idref="fl-18"/>
      </object_component>
      <object_component id="oc-60">
         <name>.debug_abbrev</name>
         <load_address>0xcc2</load_address>
         <run_address>0xcc2</run_address>
         <size>0xd5</size>
         <input_file_ref idref="fl-19"/>
      </object_component>
      <object_component id="oc-64">
         <name>.debug_abbrev</name>
         <load_address>0xd97</load_address>
         <run_address>0xd97</run_address>
         <size>0x44</size>
         <input_file_ref idref="fl-1a"/>
      </object_component>
      <object_component id="oc-68">
         <name>.debug_abbrev</name>
         <load_address>0xddb</load_address>
         <run_address>0xddb</run_address>
         <size>0xb7</size>
         <input_file_ref idref="fl-1b"/>
      </object_component>
      <object_component id="oc-6a">
         <name>.debug_abbrev</name>
         <load_address>0xe92</load_address>
         <run_address>0xe92</run_address>
         <size>0x68</size>
         <input_file_ref idref="fl-1c"/>
      </object_component>
      <object_component id="oc-6e">
         <name>.debug_abbrev</name>
         <load_address>0xefa</load_address>
         <run_address>0xefa</run_address>
         <size>0x83</size>
         <input_file_ref idref="fl-1d"/>
      </object_component>
      <object_component id="oc-72">
         <name>.debug_abbrev</name>
         <load_address>0xf7d</load_address>
         <run_address>0xf7d</run_address>
         <size>0x112</size>
         <input_file_ref idref="fl-1e"/>
      </object_component>
      <object_component id="oc-76">
         <name>.debug_abbrev</name>
         <load_address>0x108f</load_address>
         <run_address>0x108f</run_address>
         <size>0xb5</size>
         <input_file_ref idref="fl-1f"/>
      </object_component>
      <object_component id="oc-7a">
         <name>.debug_abbrev</name>
         <load_address>0x1144</load_address>
         <run_address>0x1144</run_address>
         <size>0x8f</size>
         <input_file_ref idref="fl-20"/>
      </object_component>
      <object_component id="oc-7e">
         <name>.debug_abbrev</name>
         <load_address>0x11d3</load_address>
         <run_address>0x11d3</run_address>
         <size>0xb7</size>
         <input_file_ref idref="fl-21"/>
      </object_component>
      <object_component id="oc-83">
         <name>.debug_abbrev</name>
         <load_address>0x128a</load_address>
         <run_address>0x128a</run_address>
         <size>0xc2</size>
         <input_file_ref idref="fl-22"/>
      </object_component>
      <object_component id="oc-87">
         <name>.debug_abbrev</name>
         <load_address>0x134c</load_address>
         <run_address>0x134c</run_address>
         <size>0x103</size>
         <input_file_ref idref="fl-23"/>
      </object_component>
      <object_component id="oc-8c">
         <name>.debug_abbrev</name>
         <load_address>0x144f</load_address>
         <run_address>0x144f</run_address>
         <size>0x140</size>
         <input_file_ref idref="fl-24"/>
      </object_component>
      <object_component id="oc-90">
         <name>.debug_abbrev</name>
         <load_address>0x158f</load_address>
         <run_address>0x158f</run_address>
         <size>0x9a</size>
         <input_file_ref idref="fl-25"/>
      </object_component>
      <object_component id="oc-94">
         <name>.debug_abbrev</name>
         <load_address>0x1629</load_address>
         <run_address>0x1629</run_address>
         <size>0xd0</size>
         <input_file_ref idref="fl-26"/>
      </object_component>
      <object_component id="oc-98">
         <name>.debug_abbrev</name>
         <load_address>0x16f9</load_address>
         <run_address>0x16f9</run_address>
         <size>0xb7</size>
         <input_file_ref idref="fl-27"/>
      </object_component>
      <object_component id="oc-9c">
         <name>.debug_abbrev</name>
         <load_address>0x17b0</load_address>
         <run_address>0x17b0</run_address>
         <size>0x38</size>
         <input_file_ref idref="fl-28"/>
      </object_component>
      <object_component id="oc-a2">
         <name>.debug_abbrev</name>
         <load_address>0x17e8</load_address>
         <run_address>0x17e8</run_address>
         <size>0x225</size>
         <input_file_ref idref="fl-29"/>
      </object_component>
      <object_component id="oc-a6">
         <name>.debug_abbrev</name>
         <load_address>0x1a0d</load_address>
         <run_address>0x1a0d</run_address>
         <size>0xec</size>
         <input_file_ref idref="fl-2a"/>
      </object_component>
      <object_component id="oc-aa">
         <name>.debug_abbrev</name>
         <load_address>0x1af9</load_address>
         <run_address>0x1af9</run_address>
         <size>0xb7</size>
         <input_file_ref idref="fl-2b"/>
      </object_component>
      <object_component id="oc-ae">
         <name>.debug_abbrev</name>
         <load_address>0x1bb0</load_address>
         <run_address>0x1bb0</run_address>
         <size>0x38</size>
         <input_file_ref idref="fl-2c"/>
      </object_component>
      <object_component id="oc-b2">
         <name>.debug_abbrev</name>
         <load_address>0x1be8</load_address>
         <run_address>0x1be8</run_address>
         <size>0xdc</size>
         <input_file_ref idref="fl-2d"/>
      </object_component>
      <object_component id="oc-b6">
         <name>.debug_abbrev</name>
         <load_address>0x1cc4</load_address>
         <run_address>0x1cc4</run_address>
         <size>0x81</size>
         <input_file_ref idref="fl-2e"/>
      </object_component>
      <object_component id="oc-ba">
         <name>.debug_abbrev</name>
         <load_address>0x1d45</load_address>
         <run_address>0x1d45</run_address>
         <size>0xa6</size>
         <input_file_ref idref="fl-2f"/>
      </object_component>
      <object_component id="oc-be">
         <name>.debug_abbrev</name>
         <load_address>0x1deb</load_address>
         <run_address>0x1deb</run_address>
         <size>0xb5</size>
         <input_file_ref idref="fl-30"/>
      </object_component>
      <object_component id="oc-c2">
         <name>.debug_abbrev</name>
         <load_address>0x1ea0</load_address>
         <run_address>0x1ea0</run_address>
         <size>0x8f</size>
         <input_file_ref idref="fl-31"/>
      </object_component>
      <object_component id="oc-c7">
         <name>.debug_abbrev</name>
         <load_address>0x1f2f</load_address>
         <run_address>0x1f2f</run_address>
         <size>0x15a</size>
         <input_file_ref idref="fl-32"/>
      </object_component>
      <object_component id="oc-cd">
         <name>.debug_abbrev</name>
         <load_address>0x2089</load_address>
         <run_address>0x2089</run_address>
         <size>0xde</size>
         <input_file_ref idref="fl-33"/>
      </object_component>
      <object_component id="oc-d1">
         <name>.debug_abbrev</name>
         <load_address>0x2167</load_address>
         <run_address>0x2167</run_address>
         <size>0x38</size>
         <input_file_ref idref="fl-34"/>
      </object_component>
      <object_component id="oc-d5">
         <name>.debug_abbrev</name>
         <load_address>0x219f</load_address>
         <run_address>0x219f</run_address>
         <size>0xd1</size>
         <input_file_ref idref="fl-35"/>
      </object_component>
      <object_component id="oc-d9">
         <name>.debug_abbrev</name>
         <load_address>0x2270</load_address>
         <run_address>0x2270</run_address>
         <size>0xd4</size>
         <input_file_ref idref="fl-36"/>
      </object_component>
      <object_component id="oc-dd">
         <name>.debug_abbrev</name>
         <load_address>0x2344</load_address>
         <run_address>0x2344</run_address>
         <size>0xa6</size>
         <input_file_ref idref="fl-37"/>
      </object_component>
      <object_component id="oc-e1">
         <name>.debug_abbrev</name>
         <load_address>0x23ea</load_address>
         <run_address>0x23ea</run_address>
         <size>0x136</size>
         <input_file_ref idref="fl-38"/>
      </object_component>
      <object_component id="oc-e5">
         <name>.debug_abbrev</name>
         <load_address>0x2520</load_address>
         <run_address>0x2520</run_address>
         <size>0x81</size>
         <input_file_ref idref="fl-39"/>
      </object_component>
      <object_component id="oc-e9">
         <name>.debug_abbrev</name>
         <load_address>0x25a1</load_address>
         <run_address>0x25a1</run_address>
         <size>0xd1</size>
         <input_file_ref idref="fl-3a"/>
      </object_component>
      <object_component id="oc-ed">
         <name>.debug_abbrev</name>
         <load_address>0x2672</load_address>
         <run_address>0x2672</run_address>
         <size>0x10b</size>
         <input_file_ref idref="fl-3b"/>
      </object_component>
      <object_component id="oc-f3">
         <name>.debug_abbrev</name>
         <load_address>0x277d</load_address>
         <run_address>0x277d</run_address>
         <size>0x1a2</size>
         <input_file_ref idref="fl-3c"/>
      </object_component>
      <object_component id="oc-f7">
         <name>.debug_abbrev</name>
         <load_address>0x291f</load_address>
         <run_address>0x291f</run_address>
         <size>0x118</size>
         <input_file_ref idref="fl-3d"/>
      </object_component>
      <object_component id="oc-fb">
         <name>.debug_abbrev</name>
         <load_address>0x2a37</load_address>
         <run_address>0x2a37</run_address>
         <size>0xbf</size>
         <input_file_ref idref="fl-3e"/>
      </object_component>
      <object_component id="oc-120">
         <name>.debug_abbrev</name>
         <load_address>0x2af6</load_address>
         <run_address>0x2af6</run_address>
         <size>0xd</size>
      </object_component>
      <object_component id="oc-18">
         <name>.debug_frame</name>
         <load_address>0x0</load_address>
         <run_address>0x0</run_address>
         <size>0x102</size>
         <input_file_ref idref="fl-3"/>
      </object_component>
      <object_component id="oc-1e">
         <name>.debug_frame</name>
         <load_address>0x102</load_address>
         <run_address>0x102</run_address>
         <size>0xe7</size>
         <input_file_ref idref="fl-4"/>
      </object_component>
      <object_component id="oc-24">
         <name>.debug_frame</name>
         <load_address>0x1e9</load_address>
         <run_address>0x1e9</run_address>
         <size>0x159</size>
         <input_file_ref idref="fl-5"/>
      </object_component>
      <object_component id="oc-19">
         <name>.debug_line</name>
         <load_address>0x0</load_address>
         <run_address>0x0</run_address>
         <size>0xe1</size>
         <input_file_ref idref="fl-3"/>
      </object_component>
      <object_component id="oc-1f">
         <name>.debug_line</name>
         <load_address>0xe1</load_address>
         <run_address>0xe1</run_address>
         <size>0x40</size>
         <input_file_ref idref="fl-4"/>
      </object_component>
      <object_component id="oc-25">
         <name>.debug_line</name>
         <load_address>0x121</load_address>
         <run_address>0x121</run_address>
         <size>0x103</size>
         <input_file_ref idref="fl-5"/>
      </object_component>
      <object_component id="oc-2d">
         <name>.debug_line</name>
         <load_address>0x224</load_address>
         <run_address>0x224</run_address>
         <size>0x54</size>
         <input_file_ref idref="fl-f"/>
      </object_component>
      <object_component id="oc-34">
         <name>.debug_line</name>
         <load_address>0x278</load_address>
         <run_address>0x278</run_address>
         <size>0x51</size>
         <input_file_ref idref="fl-10"/>
      </object_component>
      <object_component id="oc-38">
         <name>.debug_line</name>
         <load_address>0x2c9</load_address>
         <run_address>0x2c9</run_address>
         <size>0x5c</size>
         <input_file_ref idref="fl-11"/>
      </object_component>
      <object_component id="oc-3f">
         <name>.debug_line</name>
         <load_address>0x325</load_address>
         <run_address>0x325</run_address>
         <size>0x112</size>
         <input_file_ref idref="fl-12"/>
      </object_component>
      <object_component id="oc-43">
         <name>.debug_line</name>
         <load_address>0x437</load_address>
         <run_address>0x437</run_address>
         <size>0x52</size>
         <input_file_ref idref="fl-13"/>
      </object_component>
      <object_component id="oc-47">
         <name>.debug_line</name>
         <load_address>0x489</load_address>
         <run_address>0x489</run_address>
         <size>0x69</size>
         <input_file_ref idref="fl-14"/>
      </object_component>
      <object_component id="oc-4b">
         <name>.debug_line</name>
         <load_address>0x4f2</load_address>
         <run_address>0x4f2</run_address>
         <size>0x37</size>
         <input_file_ref idref="fl-15"/>
      </object_component>
      <object_component id="oc-51">
         <name>.debug_line</name>
         <load_address>0x529</load_address>
         <run_address>0x529</run_address>
         <size>0x57</size>
         <input_file_ref idref="fl-16"/>
      </object_component>
      <object_component id="oc-57">
         <name>.debug_line</name>
         <load_address>0x580</load_address>
         <run_address>0x580</run_address>
         <size>0x328</size>
         <input_file_ref idref="fl-17"/>
      </object_component>
      <object_component id="oc-5b">
         <name>.debug_line</name>
         <load_address>0x8a8</load_address>
         <run_address>0x8a8</run_address>
         <size>0x41</size>
         <input_file_ref idref="fl-18"/>
      </object_component>
      <object_component id="oc-5f">
         <name>.debug_line</name>
         <load_address>0x8e9</load_address>
         <run_address>0x8e9</run_address>
         <size>0x46</size>
         <input_file_ref idref="fl-19"/>
      </object_component>
      <object_component id="oc-63">
         <name>.debug_line</name>
         <load_address>0x92f</load_address>
         <run_address>0x92f</run_address>
         <size>0x55</size>
         <input_file_ref idref="fl-1a"/>
      </object_component>
      <object_component id="oc-67">
         <name>.debug_line</name>
         <load_address>0x984</load_address>
         <run_address>0x984</run_address>
         <size>0xad</size>
         <input_file_ref idref="fl-1b"/>
      </object_component>
      <object_component id="oc-71">
         <name>.debug_line</name>
         <load_address>0xa31</load_address>
         <run_address>0xa31</run_address>
         <size>0x5b</size>
         <input_file_ref idref="fl-1e"/>
      </object_component>
      <object_component id="oc-75">
         <name>.debug_line</name>
         <load_address>0xa8c</load_address>
         <run_address>0xa8c</run_address>
         <size>0x44</size>
         <input_file_ref idref="fl-1f"/>
      </object_component>
      <object_component id="oc-79">
         <name>.debug_line</name>
         <load_address>0xad0</load_address>
         <run_address>0xad0</run_address>
         <size>0x3d</size>
         <input_file_ref idref="fl-20"/>
      </object_component>
      <object_component id="oc-7d">
         <name>.debug_line</name>
         <load_address>0xb0d</load_address>
         <run_address>0xb0d</run_address>
         <size>0x3d</size>
         <input_file_ref idref="fl-21"/>
      </object_component>
      <object_component id="oc-82">
         <name>.debug_line</name>
         <load_address>0xb4a</load_address>
         <run_address>0xb4a</run_address>
         <size>0x44</size>
         <input_file_ref idref="fl-22"/>
      </object_component>
      <object_component id="oc-86">
         <name>.debug_line</name>
         <load_address>0xb8e</load_address>
         <run_address>0xb8e</run_address>
         <size>0x56</size>
         <input_file_ref idref="fl-23"/>
      </object_component>
      <object_component id="oc-8b">
         <name>.debug_line</name>
         <load_address>0xbe4</load_address>
         <run_address>0xbe4</run_address>
         <size>0xa8</size>
         <input_file_ref idref="fl-24"/>
      </object_component>
      <object_component id="oc-8f">
         <name>.debug_line</name>
         <load_address>0xc8c</load_address>
         <run_address>0xc8c</run_address>
         <size>0x40</size>
         <input_file_ref idref="fl-25"/>
      </object_component>
      <object_component id="oc-93">
         <name>.debug_line</name>
         <load_address>0xccc</load_address>
         <run_address>0xccc</run_address>
         <size>0x38</size>
         <input_file_ref idref="fl-26"/>
      </object_component>
      <object_component id="oc-97">
         <name>.debug_line</name>
         <load_address>0xd04</load_address>
         <run_address>0xd04</run_address>
         <size>0xa8</size>
         <input_file_ref idref="fl-27"/>
      </object_component>
      <object_component id="oc-9b">
         <name>.debug_line</name>
         <load_address>0xdac</load_address>
         <run_address>0xdac</run_address>
         <size>0x3c</size>
         <input_file_ref idref="fl-28"/>
      </object_component>
      <object_component id="oc-a1">
         <name>.debug_line</name>
         <load_address>0xde8</load_address>
         <run_address>0xde8</run_address>
         <size>0x1b0</size>
         <input_file_ref idref="fl-29"/>
      </object_component>
      <object_component id="oc-a5">
         <name>.debug_line</name>
         <load_address>0xf98</load_address>
         <run_address>0xf98</run_address>
         <size>0x40</size>
         <input_file_ref idref="fl-2a"/>
      </object_component>
      <object_component id="oc-a9">
         <name>.debug_line</name>
         <load_address>0xfd8</load_address>
         <run_address>0xfd8</run_address>
         <size>0x3c</size>
         <input_file_ref idref="fl-2b"/>
      </object_component>
      <object_component id="oc-ad">
         <name>.debug_line</name>
         <load_address>0x1014</load_address>
         <run_address>0x1014</run_address>
         <size>0x4d</size>
         <input_file_ref idref="fl-2c"/>
      </object_component>
      <object_component id="oc-b1">
         <name>.debug_line</name>
         <load_address>0x1061</load_address>
         <run_address>0x1061</run_address>
         <size>0x3c</size>
         <input_file_ref idref="fl-2d"/>
      </object_component>
      <object_component id="oc-b5">
         <name>.debug_line</name>
         <load_address>0x109d</load_address>
         <run_address>0x109d</run_address>
         <size>0x37</size>
         <input_file_ref idref="fl-2e"/>
      </object_component>
      <object_component id="oc-b9">
         <name>.debug_line</name>
         <load_address>0x10d4</load_address>
         <run_address>0x10d4</run_address>
         <size>0x3c</size>
         <input_file_ref idref="fl-2f"/>
      </object_component>
      <object_component id="oc-bd">
         <name>.debug_line</name>
         <load_address>0x1110</load_address>
         <run_address>0x1110</run_address>
         <size>0x44</size>
         <input_file_ref idref="fl-30"/>
      </object_component>
      <object_component id="oc-c1">
         <name>.debug_line</name>
         <load_address>0x1154</load_address>
         <run_address>0x1154</run_address>
         <size>0x37</size>
         <input_file_ref idref="fl-31"/>
      </object_component>
      <object_component id="oc-c6">
         <name>.debug_line</name>
         <load_address>0x118b</load_address>
         <run_address>0x118b</run_address>
         <size>0x15d</size>
         <input_file_ref idref="fl-32"/>
      </object_component>
      <object_component id="oc-cc">
         <name>.debug_line</name>
         <load_address>0x12e8</load_address>
         <run_address>0x12e8</run_address>
         <size>0x6a</size>
         <input_file_ref idref="fl-33"/>
      </object_component>
      <object_component id="oc-d0">
         <name>.debug_line</name>
         <load_address>0x1352</load_address>
         <run_address>0x1352</run_address>
         <size>0x58</size>
         <input_file_ref idref="fl-34"/>
      </object_component>
      <object_component id="oc-d4">
         <name>.debug_line</name>
         <load_address>0x13aa</load_address>
         <run_address>0x13aa</run_address>
         <size>0x57</size>
         <input_file_ref idref="fl-35"/>
      </object_component>
      <object_component id="oc-d8">
         <name>.debug_line</name>
         <load_address>0x1401</load_address>
         <run_address>0x1401</run_address>
         <size>0x5c</size>
         <input_file_ref idref="fl-36"/>
      </object_component>
      <object_component id="oc-dc">
         <name>.debug_line</name>
         <load_address>0x145d</load_address>
         <run_address>0x145d</run_address>
         <size>0x3c</size>
         <input_file_ref idref="fl-37"/>
      </object_component>
      <object_component id="oc-e0">
         <name>.debug_line</name>
         <load_address>0x1499</load_address>
         <run_address>0x1499</run_address>
         <size>0x5b</size>
         <input_file_ref idref="fl-38"/>
      </object_component>
      <object_component id="oc-e4">
         <name>.debug_line</name>
         <load_address>0x14f4</load_address>
         <run_address>0x14f4</run_address>
         <size>0x3a</size>
         <input_file_ref idref="fl-39"/>
      </object_component>
      <object_component id="oc-e8">
         <name>.debug_line</name>
         <load_address>0x152e</load_address>
         <run_address>0x152e</run_address>
         <size>0x3c</size>
         <input_file_ref idref="fl-3a"/>
      </object_component>
      <object_component id="oc-ec">
         <name>.debug_line</name>
         <load_address>0x156a</load_address>
         <run_address>0x156a</run_address>
         <size>0x3f</size>
         <input_file_ref idref="fl-3b"/>
      </object_component>
      <object_component id="oc-f2">
         <name>.debug_line</name>
         <load_address>0x15a9</load_address>
         <run_address>0x15a9</run_address>
         <size>0xd7</size>
         <input_file_ref idref="fl-3c"/>
      </object_component>
      <object_component id="oc-f6">
         <name>.debug_line</name>
         <load_address>0x1680</load_address>
         <run_address>0x1680</run_address>
         <size>0x3d</size>
         <input_file_ref idref="fl-3d"/>
      </object_component>
      <object_component id="oc-fa">
         <name>.debug_line</name>
         <load_address>0x16bd</load_address>
         <run_address>0x16bd</run_address>
         <size>0x39</size>
         <input_file_ref idref="fl-3e"/>
      </object_component>
   </object_component_list>
   <logical_group_list>
      <logical_group id="lg-11a">
         <name>.text</name>
         <load_address>0x20000</load_address>
         <run_address>0x20000</run_address>
         <size>0x4466</size>
         <contents>
            <object_component_ref idref="oc-53"/>
            <object_component_ref idref="oc-9d"/>
            <object_component_ref idref="oc-c3"/>
            <object_component_ref idref="oc-3a"/>
            <object_component_ref idref="oc-6f"/>
            <object_component_ref idref="oc-ee"/>
            <object_component_ref idref="oc-95"/>
            <object_component_ref idref="oc-d6"/>
            <object_component_ref idref="oc-21"/>
            <object_component_ref idref="oc-65"/>
            <object_component_ref idref="oc-88"/>
            <object_component_ref idref="oc-16"/>
            <object_component_ref idref="oc-af"/>
            <object_component_ref idref="oc-ea"/>
            <object_component_ref idref="oc-d2"/>
            <object_component_ref idref="oc-de"/>
            <object_component_ref idref="oc-cb"/>
            <object_component_ref idref="oc-84"/>
            <object_component_ref idref="oc-73"/>
            <object_component_ref idref="oc-a3"/>
            <object_component_ref idref="oc-f4"/>
            <object_component_ref idref="oc-e2"/>
            <object_component_ref idref="oc-8d"/>
            <object_component_ref idref="oc-bb"/>
            <object_component_ref idref="oc-7b"/>
            <object_component_ref idref="oc-c8"/>
            <object_component_ref idref="oc-e6"/>
            <object_component_ref idref="oc-7f"/>
            <object_component_ref idref="oc-5d"/>
            <object_component_ref idref="oc-1b"/>
            <object_component_ref idref="oc-45"/>
            <object_component_ref idref="oc-61"/>
            <object_component_ref idref="oc-59"/>
            <object_component_ref idref="oc-b7"/>
            <object_component_ref idref="oc-da"/>
            <object_component_ref idref="oc-ab"/>
            <object_component_ref idref="oc-2f"/>
            <object_component_ref idref="oc-36"/>
            <object_component_ref idref="oc-10"/>
            <object_component_ref idref="oc-77"/>
            <object_component_ref idref="oc-ce"/>
            <object_component_ref idref="oc-a7"/>
            <object_component_ref idref="oc-91"/>
            <object_component_ref idref="oc-bf"/>
            <object_component_ref idref="oc-99"/>
            <object_component_ref idref="oc-4d"/>
            <object_component_ref idref="oc-41"/>
            <object_component_ref idref="oc-b3"/>
            <object_component_ref idref="oc-f8"/>
            <object_component_ref idref="oc-33"/>
            <object_component_ref idref="oc-49"/>
         </contents>
      </logical_group>
      <split_section id="lg-2">
         <name>.text</name>
         <contents>
            <logical_group_ref idref="lg-11a"/>
         </contents>
      </split_section>
      <logical_group id="lg-3">
         <name>.stack</name>
         <run_address>0xc0</run_address>
         <size>0x2000</size>
         <contents>
            <object_component_ref idref="oc-2b"/>
            <object_component_ref idref="oc-116"/>
         </contents>
      </logical_group>
      <logical_group id="lg-4">
         <name>.sysstack</name>
         <run_address>0x20c0</run_address>
         <size>0x1000</size>
         <contents>
            <object_component_ref idref="oc-fc"/>
            <object_component_ref idref="oc-118"/>
         </contents>
      </logical_group>
      <logical_group id="lg-5">
         <name>.data</name>
         <run_address>0xc0</run_address>
         <size>0x0</size>
         <contents>
         </contents>
      </logical_group>
      <logical_group id="lg-11b">
         <name>.bss</name>
         <run_address>0x50c0</run_address>
         <size>0xefc</size>
         <contents>
            <object_component_ref idref="oc-27"/>
            <object_component_ref idref="oc-6b"/>
            <object_component_ref idref="oc-c4"/>
            <object_component_ref idref="oc-ef"/>
            <object_component_ref idref="oc-9e"/>
            <object_component_ref idref="oc-12"/>
            <object_component_ref idref="oc-3b"/>
            <object_component_ref idref="oc-4e"/>
            <object_component_ref idref="oc-30"/>
         </contents>
      </logical_group>
      <split_section id="lg-6">
         <name>.bss</name>
         <contents>
            <logical_group_ref idref="lg-11b"/>
         </contents>
      </split_section>
      <logical_group id="lg-11c">
         <name>.const.1</name>
         <load_address>0x5fbc</load_address>
         <run_address>0x5fbc</run_address>
         <size>0x202</size>
         <contents>
            <object_component_ref idref="oc-fd"/>
         </contents>
      </logical_group>
      <logical_group id="lg-11d">
         <name>.const.2</name>
         <load_address>0x61c0</load_address>
         <run_address>0x61c0</run_address>
         <size>0x92</size>
         <contents>
            <object_component_ref idref="oc-1d"/>
         </contents>
      </logical_group>
      <logical_group id="lg-11e">
         <name>.const.3</name>
         <load_address>0x6254</load_address>
         <run_address>0x6254</run_address>
         <size>0xa0</size>
         <contents>
            <object_component_ref idref="oc-56"/>
            <object_component_ref idref="oc-23"/>
            <object_component_ref idref="oc-55"/>
            <object_component_ref idref="oc-fe"/>
            <object_component_ref idref="oc-8a"/>
            <object_component_ref idref="oc-81"/>
         </contents>
      </logical_group>
      <split_section id="lg-7">
         <name>.const</name>
         <contents>
            <logical_group_ref idref="lg-11c"/>
            <logical_group_ref idref="lg-11d"/>
            <logical_group_ref idref="lg-11e"/>
         </contents>
      </split_section>
      <logical_group id="lg-8">
         <name>.sysmem</name>
         <run_address>0x30c0</run_address>
         <size>0x2000</size>
         <contents>
            <object_component_ref idref="oc-3e"/>
            <object_component_ref idref="oc-117"/>
         </contents>
      </logical_group>
      <logical_group id="lg-9">
         <name>.switch</name>
         <run_address>0x0</run_address>
         <size>0x0</size>
         <contents>
         </contents>
      </logical_group>
      <logical_group id="lg-a">
         <name>.cinit</name>
         <load_address>0x40000</load_address>
         <run_address>0x40000</run_address>
         <size>0xb24</size>
         <contents>
            <object_component_ref idref="oc-29"/>
            <object_component_ref idref="oc-a0"/>
            <object_component_ref idref="oc-6d"/>
            <object_component_ref idref="oc-14"/>
            <object_component_ref idref="oc-50"/>
            <object_component_ref idref="oc-32"/>
            <object_component_ref idref="oc-f1"/>
            <object_component_ref idref="oc-3d"/>
         </contents>
      </logical_group>
      <logical_group id="lg-b">
         <name>.pinit</name>
         <run_address>0x0</run_address>
         <size>0x0</size>
         <contents>
         </contents>
      </logical_group>
      <logical_group id="lg-c">
         <name>.cio</name>
         <run_address>0x40b28</run_address>
         <size>0x240</size>
         <contents>
[...]
         <value>0xffffffff</value>
      </symbol>
      <symbol id="sm-12">
         <name>.data</name>
         <value>0xffffffff</value>
      </symbol>
      <symbol id="sm-13">
         <name>___data__</name>
         <value>0xffffffff</value>
      </symbol>
      <symbol id="sm-14">
         <name>edata</name>
         <value>0xffffffff</value>
      </symbol>
      <symbol id="sm-15">
         <name>___edata__</name>
         <value>0xffffffff</value>
      </symbol>
      <symbol id="sm-16">
         <name>.bss</name>
         <value>0xffffffff</value>
      </symbol>
      <symbol id="sm-17">
         <name>___bss__</name>
         <value>0xffffffff</value>
      </symbol>
      <symbol id="sm-18">
         <name>end</name>
         <value>0xffffffff</value>
      </symbol>
      <symbol id="sm-19">
         <name>___end__</name>
         <value>0xffffffff</value>
      </symbol>
      <symbol id="sm-4b">
         <name>_lp_filter</name>
         <value>0x5f76</value>
         <object_component_ref idref="oc-12"/>
      </symbol>
      <symbol id="sm-79">
         <name>_fir_basic</name>
         <value>0x23529</value>
         <object_component_ref idref="oc-16"/>
      </symbol>
      <symbol id="sm-7a">
         <name>_fir_circular</name>
         <value>0x235cd</value>
         <object_component_ref idref="oc-16"/>
      </symbol>
      <symbol id="sm-8b">
         <name>_main</name>
         <value>0x240ab</value>
         <object_component_ref idref="oc-1b"/>
      </symbol>
      <symbol id="sm-aa">
         <name>_downsample</name>
         <value>0x22fc7</value>
         <object_component_ref idref="oc-21"/>
      </symbol>
      <symbol id="sm-ab">
         <name>_decimate</name>
         <value>0x23011</value>
         <object_component_ref idref="oc-21"/>
      </symbol>
      <symbol id="sm-ac">
         <name>_upsample</name>
         <value>0x23064</value>
         <object_component_ref idref="oc-21"/>
      </symbol>
      <symbol id="sm-ad">
         <name>_interpolate</name>
         <value>0x230ce</value>
         <object_component_ref idref="oc-21"/>
      </symbol>
      <symbol id="sm-ae">
         <name>_resample</name>
         <value>0x2312b</value>
         <object_component_ref idref="oc-21"/>
      </symbol>
      <symbol id="sm-b8">
         <name>_signal1</name>
         <value>0x50c0</value>
         <object_component_ref idref="oc-27"/>
      </symbol>
      <symbol id="sm-b9">
         <name>_signal2</name>
         <value>0x58c0</value>
         <object_component_ref idref="oc-27"/>
      </symbol>
      <symbol id="sm-c5">
         <name>__sysstack</name>
         <value>0x20c0</value>
         <object_component_ref idref="oc-fc"/>
      </symbol>
      <symbol id="sm-c6">
         <name>_c_int00</name>
         <value>0x24333</value>
         <object_component_ref idref="oc-10"/>
      </symbol>
      <symbol id="sm-c7">
         <name>__stack</name>
         <value>0xc0</value>
         <object_component_ref idref="oc-2b"/>
      </symbol>
      <symbol id="sm-d7">
         <name>C$$EXIT</name>
         <value>0x2445d</value>
         <object_component_ref idref="oc-33"/>
      </symbol>
      <symbol id="sm-d8">
         <name>_exit</name>
         <value>0x242b9</value>
         <object_component_ref idref="oc-2f"/>
      </symbol>
      <symbol id="sm-d9">
         <name>_abort</name>
         <value>0x2445c</value>
         <object_component_ref idref="oc-33"/>
      </symbol>
      <symbol id="sm-da">
         <name>__cleanup_ptr</name>
         <value>0x5fb4</value>
         <object_component_ref idref="oc-30"/>
      </symbol>
      <symbol id="sm-db">
         <name>__dtors_ptr</name>
         <value>0x5fb8</value>
         <object_component_ref idref="oc-30"/>
      </symbol>
      <symbol id="sm-e3">
         <name>__remi</name>
         <value>0x24316</value>
         <object_component_ref idref="oc-36"/>
      </symbol>
      <symbol id="sm-e4">
         <name>__divi</name>
         <value>0x242f7</value>
         <object_component_ref idref="oc-36"/>
      </symbol>
      <symbol id="sm-e5">
         <name>I$$MOD</name>
         <value>0x24316</value>
         <object_component_ref idref="oc-36"/>
      </symbol>
      <symbol id="sm-e6">
         <name>I$$DIV</name>
         <value>0x242f7</value>
         <object_component_ref idref="oc-36"/>
      </symbol>
      <symbol id="sm-f6">
         <name>__sys_memory</name>
         <value>0x30c0</value>
         <object_component_ref idref="oc-3e"/>
      </symbol>
      <symbol id="sm-f7">
         <name>_chkheap</name>
         <value>0x22496</value>
         <object_component_ref idref="oc-3a"/>
      </symbol>
      <symbol id="sm-f8">
         <name>_realloc</name>
         <value>0x22235</value>
         <object_component_ref idref="oc-3a"/>
      </symbol>
      <symbol id="sm-f9">
         <name>_free_memory</name>
         <value>0x22440</value>
         <object_component_ref idref="oc-3a"/>
      </symbol>
      <symbol id="sm-fa">
         <name>_max_free</name>
         <value>0x223e6</value>
         <object_component_ref idref="oc-3a"/>
      </symbol>
      <symbol id="sm-fb">
         <name>_free</name>
         <value>0x2200f</value>
         <object_component_ref idref="oc-3a"/>
      </symbol>
      <symbol id="sm-fc">
         <name>_calloc</name>
         <value>0x2249e</value>
         <object_component_ref idref="oc-3a"/>
      </symbol>
      <symbol id="sm-fd">
         <name>_malloc</name>
         <value>0x22140</value>
         <object_component_ref idref="oc-3a"/>
      </symbol>
      <symbol id="sm-fe">
         <name>_minit</name>
         <value>0x220db</value>
         <object_component_ref idref="oc-3a"/>
      </symbol>
      <symbol id="sm-108">
         <name>_memset</name>
         <value>0x24431</value>
         <object_component_ref idref="oc-41"/>
      </symbol>
      <symbol id="sm-112">
         <name>_printf</name>
         <value>0x240ff</value>
         <object_component_ref idref="oc-45"/>
      </symbol>
      <symbol id="sm-11c">
         <name>_Reset</name>
         <value>0x4fe00</value>
         <object_component_ref idref="oc-11"/>
      </symbol>
      <symbol id="sm-12a">
         <name>__unlock</name>
         <value>0x5fb0</value>
         <object_component_ref idref="oc-4e"/>
      </symbol>
      <symbol id="sm-12b">
         <name>__lock</name>
         <value>0x5fac</value>
         <object_component_ref idref="oc-4e"/>
      </symbol>
      <symbol id="sm-12c">
         <name>__register_lock</name>
         <value>0x24427</value>
         <object_component_ref idref="oc-4d"/>
      </symbol>
      <symbol id="sm-12d">
         <name>__nop</name>
         <value>0x2442f</value>
         <object_component_ref idref="oc-4d"/>
      </symbol>
      <symbol id="sm-12e">
         <name>__register_unlock</name>
         <value>0x2441f</value>
         <object_component_ref idref="oc-4d"/>
      </symbol>
      <symbol id="sm-140">
         <name>__printfi</name>
         <value>0x21362</value>
         <object_component_ref idref="oc-53"/>
      </symbol>
      <symbol id="sm-14a">
         <name>__args_main</name>
         <value>0x2419c</value>
         <object_component_ref idref="oc-59"/>
      </symbol>
      <symbol id="sm-14b">
         <name>__TI_args_main</name>
         <value>0x1</value>
      </symbol>
      <symbol id="sm-155">
         <name>_atoi</name>
         <value>0x2404f</value>
         <object_component_ref idref="oc-5d"/>
      </symbol>
      <symbol id="sm-15d">
         <name>_auto_init</name>
         <value>0x2414f</value>
         <object_component_ref idref="oc-61"/>
      </symbol>
      <symbol id="sm-167">
         <name>__eqld</name>
         <value>0x2333a</value>
         <object_component_ref idref="oc-65"/>
      </symbol>
      <symbol id="sm-168">
         <name>__cmpd</name>
         <value>0x2336e</value>
         <object_component_ref idref="oc-65"/>
      </symbol>
      <symbol id="sm-169">
         <name>__neqd</name>
         <value>0x231dc</value>
         <object_component_ref idref="oc-65"/>
      </symbol>
      <symbol id="sm-16a">
         <name>__gtrd</name>
         <value>0x232a5</value>
         <object_component_ref idref="oc-65"/>
      </symbol>
      <symbol id="sm-16b">
         <name>__geqd</name>
         <value>0x232f0</value>
         <object_component_ref idref="oc-65"/>
      </symbol>
      <symbol id="sm-16c">
         <name>__leqd</name>
         <value>0x23258</value>
         <object_component_ref idref="oc-65"/>
      </symbol>
      <symbol id="sm-16d">
         <name>__lssd</name>
         <value>0x23210</value>
         <object_component_ref idref="oc-65"/>
      </symbol>
      <symbol id="sm-175">
         <name>__ctypes_</name>
         <value>0x5fbc</value>
         <object_component_ref idref="oc-fd"/>
      </symbol>
      <symbol id="sm-17f">
         <name>__tmpnams</name>
         <value>0x5bb0</value>
         <object_component_ref idref="oc-6b"/>
      </symbol>
      <symbol id="sm-180">
         <name>__ft_end</name>
         <value>0x5cf0</value>
         <object_component_ref idref="oc-6b"/>
      </symbol>
      <symbol id="sm-181">
         <name>__ftable</name>
         <value>0x5ac0</value>
         <object_component_ref idref="oc-6b"/>
      </symbol>
      <symbol id="sm-18d">
         <name>__divd</name>
         <value>0x224c4</value>
         <object_component_ref idref="oc-6f"/>
      </symbol>
      <symbol id="sm-198">
         <name>__divul</name>
         <value>0x23bad</value>
         <object_component_ref idref="oc-73"/>
      </symbol>
      <symbol id="sm-1a2">
         <name>__fixdi</name>
         <value>0x24367</value>
         <object_component_ref idref="oc-77"/>
      </symbol>
      <symbol id="sm-1ac">
         <name>__fixdli</name>
         <value>0x23ea1</value>
         <object_component_ref idref="oc-7b"/>
      </symbol>
      <symbol id="sm-1b8">
         <name>__fltlid</name>
         <value>0x23fe8</value>
         <object_component_ref idref="oc-7f"/>
      </symbol>
      <symbol id="sm-1c2">
         <name>_putchar</name>
         <value>0x23b9e</value>
         <object_component_ref idref="oc-84"/>
      </symbol>
      <symbol id="sm-1c3">
         <name>_putc</name>
         <value>0x23b07</value>
         <object_component_ref idref="oc-84"/>
      </symbol>
      <symbol id="sm-1c4">
         <name>_fputc</name>
         <value>0x23b07</value>
         <object_component_ref idref="oc-84"/>
      </symbol>
      <symbol id="sm-1d2">
         <name>_puts</name>
         <value>0x234fb</value>
         <object_component_ref idref="oc-88"/>
      </symbol>
      <symbol id="sm-1d3">
         <name>_fputs</name>
         <value>0x233c6</value>
         <object_component_ref idref="oc-88"/>
      </symbol>
      <symbol id="sm-1dd">
         <name>__frcmpyd_div</name>
         <value>0x23dbc</value>
         <object_component_ref idref="oc-8d"/>
      </symbol>
      <symbol id="sm-1e7">
         <name>___isinf</name>
         <value>0x243de</value>
         <object_component_ref idref="oc-91"/>
      </symbol>
      <symbol id="sm-1f1">
         <name>__divull</name>
         <value>0x22c44</value>
         <object_component_ref idref="oc-95"/>
      </symbol>
      <symbol id="sm-1f2">
         <name>__mpylli</name>
         <value>0x22b8c</value>
         <object_component_ref idref="oc-95"/>
      </symbol>
      <symbol id="sm-1f3">
         <name>__remlli</name>
         <value>0x22b5d</value>
         <object_component_ref idref="oc-95"/>
      </symbol>
      <symbol id="sm-1f4">
         <name>__divlli</name>
         <value>0x22d38</value>
         <object_component_ref idref="oc-95"/>
      </symbol>
      <symbol id="sm-1f5">
         <name>__remull</name>
         <value>0x22b0f</value>
         <object_component_ref idref="oc-95"/>
      </symbol>
      <symbol id="sm-1fd">
         <name>__mpyli</name>
         <value>0x2440c</value>
         <object_component_ref idref="oc-99"/>
      </symbol>
      <symbol id="sm-1fe">
         <name>I$$LMPY</name>
         <value>0x2440c</value>
         <object_component_ref idref="oc-99"/>
      </symbol>
      <symbol id="sm-210">
         <name>_add_device</name>
         <value>0x219f7</value>
         <object_component_ref idref="oc-9d"/>
      </symbol>
      <symbol id="sm-211">
         <name>_rename</name>
         <value>0x21719</value>
         <object_component_ref idref="oc-9d"/>
      </symbol>
      <symbol id="sm-212">
         <name>_read</name>
         <value>0x217a8</value>
         <object_component_ref idref="oc-9d"/>
      </symbol>
      <symbol id="sm-213">
         <name>_unlink</name>
         <value>0x216e6</value>
         <object_component_ref idref="oc-9d"/>
      </symbol>
      <symbol id="sm-214">
         <name>_remove_device</name>
         <value>0x21772</value>
         <object_component_ref idref="oc-9d"/>
      </symbol>
      <symbol id="sm-215">
         <name>_open</name>
         <value>0x21856</value>
         <object_component_ref idref="oc-9d"/>
      </symbol>
      <symbol id="sm-216">
         <name>_find_registered_device</name>
         <value>0x2197b</value>
         <object_component_ref idref="oc-9d"/>
      </symbol>
      <symbol id="sm-217">
         <name>_lseek</name>
         <value>0x21915</value>
         <object_component_ref idref="oc-9d"/>
      </symbol>
      <symbol id="sm-218">
         <name>_close</name>
         <value>0x21984</value>
         <object_component_ref idref="oc-9d"/>
      </symbol>
      <symbol id="sm-219">
         <name>_write</name>
         <value>0x215a4</value>
         <object_component_ref idref="oc-9d"/>
      </symbol>
      <symbol id="sm-223">
         <name>_ltoa</name>
         <value>0x23c4e</value>
         <object_component_ref idref="oc-a3"/>
      </symbol>
      <symbol id="sm-22e">
         <name>_memccpy</name>
         <value>0x243bb</value>
         <object_component_ref idref="oc-a7"/>
      </symbol>
      <symbol id="sm-236">
         <name>_memcpy</name>
         <value>0x2427a</value>
         <object_component_ref idref="oc-ab"/>
      </symbol>
      <symbol id="sm-240">
         <name>__mpyd</name>
         <value>0x2367c</value>
         <object_component_ref idref="oc-af"/>
      </symbol>
      <symbol id="sm-24a">
         <name>__negd</name>
         <value>0x24442</value>
         <object_component_ref idref="oc-b3"/>
      </symbol>
      <symbol id="sm-254">
         <name>__remli</name>
         <value>0x241e7</value>
         <object_component_ref idref="oc-b7"/>
      </symbol>
      <symbol id="sm-25f">
         <name>__remul</name>
         <value>0x23e2f</value>
         <object_component_ref idref="oc-bb"/>
      </symbol>
      <symbol id="sm-269">
         <name>__subd</name>
         <value>0x243f8</value>
         <object_component_ref idref="oc-bf"/>
      </symbol>
      <symbol id="sm-275">
         <name>_HOSTopen</name>
         <value>0x21df2</value>
         <object_component_ref idref="oc-c3"/>
      </symbol>
      <symbol id="sm-276">
         <name>_HOSTread</name>
         <value>0x21d65</value>
         <object_component_ref idref="oc-c3"/>
      </symbol>
      <symbol id="sm-277">
         <name>_HOSTtime</name>
         <value>0x21c59</value>
         <object_component_ref idref="oc-c3"/>
      </symbol>
      <symbol id="sm-278">
         <name>_getenv</name>
         <value>0x21ae7</value>
         <object_component_ref idref="oc-c3"/>
      </symbol>
      <symbol id="sm-279">
         <name>_HOSTrename</name>
         <value>0x21cb7</value>
         <object_component_ref idref="oc-c3"/>
      </symbol>
      <symbol id="sm-27a">
         <name>_HOSTclock</name>
         <value>0x21fb1</value>
         <object_component_ref idref="oc-c3"/>
      </symbol>
      <symbol id="sm-27b">
         <name>_HOSTwrite</name>
         <value>0x21b62</value>
         <object_component_ref idref="oc-c3"/>
      </symbol>
      <symbol id="sm-27c">
         <name>_HOSTlseek</name>
         <value>0x21e91</value>
         <object_component_ref idref="oc-c3"/>
      </symbol>
      <symbol id="sm-27d">
         <name>_HOSTunlink</name>
         <value>0x21bef</value>
         <object_component_ref idref="oc-c3"/>
      </symbol>
      <symbol id="sm-27e">
         <name>_HOSTclose</name>
         <value>0x21f46</value>
         <object_component_ref idref="oc-c3"/>
      </symbol>
      <symbol id="sm-290">
         <name>C$$IO$$</name>
         <value>0x23b02</value>
         <object_component_ref idref="oc-cb"/>
      </symbol>
      <symbol id="sm-291">
         <name>__CIOBUF_</name>
         <value>0x40b28</value>
         <object_component_ref idref="oc-ca"/>
      </symbol>
      <symbol id="sm-292">
         <name>_readmsg</name>
         <value>0x23f10</value>
         <object_component_ref idref="oc-c8"/>
      </symbol>
      <symbol id="sm-293">
         <name>_writemsg</name>
         <value>0x23a4d</value>
         <object_component_ref idref="oc-cb"/>
      </symbol>
      <symbol id="sm-29b">
         <name>__remu</name>
         <value>0x243a6</value>
         <object_component_ref idref="oc-ce"/>
      </symbol>
      <symbol id="sm-29c">
         <name>__divu</name>
         <value>0x24391</value>
         <object_component_ref idref="oc-ce"/>
      </symbol>
      <symbol id="sm-29d">
         <name>I$$UMOD</name>
         <value>0x243a6</value>
         <object_component_ref idref="oc-ce"/>
      </symbol>
      <symbol id="sm-29e">
         <name>I$$UDIV</name>
         <value>0x24391</value>
         <object_component_ref idref="oc-ce"/>
      </symbol>
      <symbol id="sm-2a8">
         <name>__rd_ok</name>
         <value>0x2392e</value>
         <object_component_ref idref="oc-d2"/>
      </symbol>
      <symbol id="sm-2a9">
         <name>__wrt_ok</name>
         <value>0x238ae</value>
         <object_component_ref idref="oc-d2"/>
      </symbol>
      <symbol id="sm-2b3">
         <name>__addd</name>
         <value>0x22d6d</value>
         <object_component_ref idref="oc-d6"/>
      </symbol>
      <symbol id="sm-2bd">
         <name>__divli</name>
         <value>0x24232</value>
         <object_component_ref idref="oc-da"/>
      </symbol>
      <symbol id="sm-2c7">
         <name>__doflush</name>
         <value>0x2398b</value>
         <object_component_ref idref="oc-de"/>
      </symbol>
      <symbol id="sm-2c8">
         <name>_fflush</name>
         <value>0x239f4</value>
         <object_component_ref idref="oc-de"/>
      </symbol>
      <symbol id="sm-2d2">
         <name>__frcmpyd</name>
         <value>0x23d46</value>
         <object_component_ref idref="oc-e2"/>
      </symbol>
      <symbol id="sm-2dc">
         <name>_fseek</name>
         <value>0x23f7d</value>
         <object_component_ref idref="oc-e6"/>
      </symbol>
      <symbol id="sm-2e6">
         <name>_setvbuf</name>
         <value>0x237c8</value>
         <object_component_ref idref="oc-ea"/>
      </symbol>
      <symbol id="sm-2f5">
         <name>__cleanup</name>
         <value>0x229b1</value>
         <object_component_ref idref="oc-ee"/>
      </symbol>
      <symbol id="sm-2f6">
         <name>_fopen</name>
         <value>0x22ad4</value>
         <object_component_ref idref="oc-ee"/>
      </symbol>
      <symbol id="sm-2f7">
         <name>_freopen</name>
         <value>0x22a0b</value>
         <object_component_ref idref="oc-ee"/>
      </symbol>
      <symbol id="sm-301">
         <name>_fclose</name>
         <value>0x23ccb</value>
         <object_component_ref idref="oc-f4"/>
      </symbol>
      <symbol id="sm-30b">
         <name>_remove</name>
         <value>0x24452</value>
         <object_component_ref idref="oc-f8"/>
      </symbol>
   </symbol_table>
</link_info>
